'airplane with sound of airport in background with sound of airport in background with sound of airport in background'
 'breathing with sound of airport in background with sound of airport in background with sound of airport in background'
 'brushing_teeth with sound of airport in background with sound of airport in background with sound of airport in background'
 'can_opening with sound of airport in background with sound of airport in background with sound of airport in background'
 'car_horn with sound of airport in background with sound of airport in background with sound of airport in background'
 'cat with sound of airport in background with sound of airport in background with sound of airport in background'
 'chainsaw with sound of airport in background with sound of airport in background with sound of airport in background'
 'chirping_birds with sound of airport in background with sound of airport in background with sound of airport in background'
 'church_bells with sound of airport in background with sound of airport in background with sound of airport in background'
 'clapping with sound of airport in background with sound of airport in background with sound of airport in background'
 'clock_alarm with sound of airport in background with sound of airport in background with sound of airport in background'
 'clock_tick with sound of airport in background with sound of airport in background with sound of airport in background'
 'coughing with sound of airport in background with sound of airport in background with sound of airport in background'
 'cow with sound of airport in background with sound of airport in background with sound of airport in background'
 'crackling_fire with sound of airport in background with sound of airport in background with sound of airport in background'
 'crickets with sound of airport in background with sound of airport in background with sound of airport in background'
 'crow with sound of airport in background with sound of airport in background with sound of airport in background'
 'crying_baby with sound of airport in background with sound of airport in background with sound of airport in background'
 'dog with sound of airport in background with sound of airport in background with sound of airport in background'
 'door_wood_creaks with sound of airport in background with sound of airport in background with sound of airport in background'
 'door_wood_knock with sound of airport in background with sound of airport in background with sound of airport in background'
 'drinking_sipping with sound of airport in background with sound of airport in background with sound of airport in background'
 'engine with sound of airport in background with sound of airport in background with sound of airport in background'
 'fireworks with sound of airport in background with sound of airport in background with sound of airport in background'
 'footsteps with sound of airport in background with sound of airport in background with sound of airport in background'
 'frog with sound of airport in background with sound of airport in background with sound of airport in background'
 'glass_breaking with sound of airport in background with sound of airport in background with sound of airport in background'
 'hand_saw with sound of airport in background with sound of airport in background with sound of airport in background'
 'helicopter with sound of airport in background with sound of airport in background with sound of airport in background'
 'hen with sound of airport in background with sound of airport in background with sound of airport in background'
 'insects with sound of airport in background with sound of airport in background with sound of airport in background'
 'keyboard_typing with sound of airport in background with sound of airport in background with sound of airport in background'
 'laughing with sound of airport in background with sound of airport in background with sound of airport in background'
 'mouse_click with sound of airport in background with sound of airport in background with sound of airport in background'
 'pig with sound of airport in background with sound of airport in background with sound of airport in background'
 'pouring_water with sound of airport in background with sound of airport in background with sound of airport in background'
 'rain with sound of airport in background with sound of airport in background with sound of airport in background'
 'rooster with sound of airport in background with sound of airport in background with sound of airport in background'
 'sea_waves with sound of airport in background with sound of airport in background with sound of airport in background'
 'sheep with sound of airport in background with sound of airport in background with sound of airport in background'
 'siren with sound of airport in background with sound of airport in background with sound of airport in background'
 'sneezing with sound of airport in background with sound of airport in background with sound of airport in background'
 'snoring with sound of airport in background with sound of airport in background with sound of airport in background'
 'thunderstorm with sound of airport in background with sound of airport in background with sound of airport in background'
 'toilet_flush with sound of airport in background with sound of airport in background with sound of airport in background'
 'train with sound of airport in background with sound of airport in background with sound of airport in background'
 'vacuum_cleaner with sound of airport in background with sound of airport in background with sound of airport in background'
 'washing_machine with sound of airport in background with sound of airport in background with sound of airport in background'
 'water_drops with sound of airport in background with sound of airport in background with sound of airport in background'
 'wind with sound of airport in background with sound of airport in background with sound of airport in background'