coughing with sound of traffic in background
coughing with sound of traffic in background
snoring with sound of traffic in background
washing_machine with sound of traffic in background
washing_machine with sound of traffic in background
snoring with sound of traffic in background
snoring with sound of traffic in background
crying_baby with sound of traffic in background
crying_baby with sound of traffic in background
crying_baby with sound of traffic in background
crying_baby with sound of traffic in background
crying_baby with sound of traffic in background
vacuum_cleaner with sound of traffic in background
vacuum_cleaner with sound of traffic in background
vacuum_cleaner with sound of traffic in background
cow with sound of traffic in background
cow with sound of traffic in background
door_wood_knock with sound of traffic in background
laughing with sound of traffic in background
laughing with sound of traffic in background
car_horn with sound of traffic in background
keyboard_typing with sound of traffic in background
door_wood_knock with sound of traffic in background
pouring_water with sound of traffic in background
engine with sound of traffic in background
keyboard_typing with sound of traffic in background
helicopter with sound of traffic in background
helicopter with sound of traffic in background
rooster with sound of traffic in background
car_horn with sound of traffic in background
car_horn with sound of traffic in background
dog with sound of traffic in background
mouse_click with sound of traffic in background
keyboard_typing with sound of traffic in background
keyboard_typing with sound of traffic in background
chirping_birds with sound of traffic in background
chirping_birds with sound of traffic in background
chirping_birds with sound of traffic in background
chirping_birds with sound of traffic in background
chirping_birds with sound of traffic in background
sea_waves with sound of traffic in background
sea_waves with sound of traffic in background
can_opening with sound of traffic in background
crickets with sound of traffic in background
washing_machine with sound of traffic in background
washing_machine with sound of traffic in background
sneezing with sound of traffic in background
chirping_birds with sound of traffic in background
chirping_birds with sound of traffic in background
water_drops with sound of traffic in background
rain with sound of traffic in background
crackling_fire with sound of traffic in background
rain with sound of traffic in background
train with sound of traffic in background
rain with sound of traffic in background
dog with sound of traffic in background
mouse_click with sound of traffic in background
mouse_click with sound of traffic in background
crackling_fire with sound of traffic in background
vacuum_cleaner with sound of traffic in background
vacuum_cleaner with sound of traffic in background
vacuum_cleaner with sound of traffic in background
vacuum_cleaner with sound of traffic in background
vacuum_cleaner with sound of traffic in background
train with sound of traffic in background
train with sound of traffic in background
water_drops with sound of traffic in background
cow with sound of traffic in background
car_horn with sound of traffic in background
pouring_water with sound of traffic in background
crickets with sound of traffic in background
rooster with sound of traffic in background
dog with sound of traffic in background
crickets with sound of traffic in background
crickets with sound of traffic in background
cow with sound of traffic in background
sea_waves with sound of traffic in background
hen with sound of traffic in background
hen with sound of traffic in background
hen with sound of traffic in background
water_drops with sound of traffic in background
water_drops with sound of traffic in background
water_drops with sound of traffic in background
water_drops with sound of traffic in background
sea_waves with sound of traffic in background
clock_tick with sound of traffic in background
chainsaw with sound of traffic in background
breathing with sound of traffic in background
breathing with sound of traffic in background
water_drops with sound of traffic in background
water_drops with sound of traffic in background
sea_waves with sound of traffic in background
can_opening with sound of traffic in background
can_opening with sound of traffic in background
mouse_click with sound of traffic in background
drinking_sipping with sound of traffic in background
can_opening with sound of traffic in background
dog with sound of traffic in background
mouse_click with sound of traffic in background
clock_tick with sound of traffic in background
clock_tick with sound of traffic in background
door_wood_knock with sound of traffic in background
mouse_click with sound of traffic in background
clock_tick with sound of traffic in background
clock_tick with sound of traffic in background
hen with sound of traffic in background
can_opening with sound of traffic in background
mouse_click with sound of traffic in background
fireworks with sound of traffic in background
fireworks with sound of traffic in background
car_horn with sound of traffic in background
drinking_sipping with sound of traffic in background
clapping with sound of traffic in background
clapping with sound of traffic in background
hen with sound of traffic in background
door_wood_knock with sound of traffic in background
dog with sound of traffic in background
dog with sound of traffic in background
chirping_birds with sound of traffic in background
clapping with sound of traffic in background
door_wood_knock with sound of traffic in background
door_wood_knock with sound of traffic in background
washing_machine with sound of traffic in background
washing_machine with sound of traffic in background
mouse_click with sound of traffic in background
drinking_sipping with sound of traffic in background
hen with sound of traffic in background
hen with sound of traffic in background
sea_waves with sound of traffic in background
hen with sound of traffic in background
washing_machine with sound of traffic in background
airplane with sound of traffic in background
sheep with sound of traffic in background
sheep with sound of traffic in background
sheep with sound of traffic in background
clapping with sound of traffic in background
clapping with sound of traffic in background
glass_breaking with sound of traffic in background
glass_breaking with sound of traffic in background
glass_breaking with sound of traffic in background
glass_breaking with sound of traffic in background
glass_breaking with sound of traffic in background
sheep with sound of traffic in background
hand_saw with sound of traffic in background
glass_breaking with sound of traffic in background
glass_breaking with sound of traffic in background
glass_breaking with sound of traffic in background
pig with sound of traffic in background
car_horn with sound of traffic in background
wind with sound of traffic in background
wind with sound of traffic in background
footsteps with sound of traffic in background
fireworks with sound of traffic in background
pig with sound of traffic in background
pig with sound of traffic in background
pig with sound of traffic in background
pig with sound of traffic in background
pig with sound of traffic in background
pig with sound of traffic in background
pig with sound of traffic in background
engine with sound of traffic in background
siren with sound of traffic in background
siren with sound of traffic in background
siren with sound of traffic in background
siren with sound of traffic in background
siren with sound of traffic in background
siren with sound of traffic in background
siren with sound of traffic in background
siren with sound of traffic in background
crackling_fire with sound of traffic in background
helicopter with sound of traffic in background
helicopter with sound of traffic in background
helicopter with sound of traffic in background
frog with sound of traffic in background
frog with sound of traffic in background
frog with sound of traffic in background
frog with sound of traffic in background
frog with sound of traffic in background
frog with sound of traffic in background
frog with sound of traffic in background
church_bells with sound of traffic in background
church_bells with sound of traffic in background
toilet_flush with sound of traffic in background
toilet_flush with sound of traffic in background
footsteps with sound of traffic in background
footsteps with sound of traffic in background
footsteps with sound of traffic in background
door_wood_creaks with sound of traffic in background
cat with sound of traffic in background
cat with sound of traffic in background
cat with sound of traffic in background
cat with sound of traffic in background
cat with sound of traffic in background
hand_saw with sound of traffic in background
hand_saw with sound of traffic in background
hand_saw with sound of traffic in background
hand_saw with sound of traffic in background
church_bells with sound of traffic in background
toilet_flush with sound of traffic in background
church_bells with sound of traffic in background
hand_saw with sound of traffic in background
hand_saw with sound of traffic in background
hand_saw with sound of traffic in background
siren with sound of traffic in background
door_wood_creaks with sound of traffic in background
door_wood_creaks with sound of traffic in background
door_wood_creaks with sound of traffic in background
door_wood_creaks with sound of traffic in background
siren with sound of traffic in background
siren with sound of traffic in background
footsteps with sound of traffic in background
footsteps with sound of traffic in background
fireworks with sound of traffic in background
fireworks with sound of traffic in background
fireworks with sound of traffic in background
fireworks with sound of traffic in background
fireworks with sound of traffic in background
fireworks with sound of traffic in background
fireworks with sound of traffic in background
fireworks with sound of traffic in background
toilet_flush with sound of traffic in background
cat with sound of traffic in background
siren with sound of traffic in background
toilet_flush with sound of traffic in background
thunderstorm with sound of traffic in background
thunderstorm with sound of traffic in background
thunderstorm with sound of traffic in background
thunderstorm with sound of traffic in background
church_bells with sound of traffic in background
church_bells with sound of traffic in background
helicopter with sound of traffic in background
toilet_flush with sound of traffic in background
toilet_flush with sound of traffic in background
door_wood_creaks with sound of traffic in background
frog with sound of traffic in background
insects with sound of traffic in background
pig with sound of traffic in background
pig with sound of traffic in background
laughing with sound of traffic in background
laughing with sound of traffic in background
laughing with sound of traffic in background
door_wood_creaks with sound of traffic in background
cat with sound of traffic in background
cat with sound of traffic in background
cat with sound of traffic in background
laughing with sound of traffic in background
insects with sound of traffic in background
toilet_flush with sound of traffic in background
crow with sound of traffic in background
crow with sound of traffic in background
church_bells with sound of traffic in background
toilet_flush with sound of traffic in background
insects with sound of traffic in background
insects with sound of traffic in background
wind with sound of traffic in background
wind with sound of traffic in background
wind with sound of traffic in background
wind with sound of traffic in background
brushing_teeth with sound of traffic in background
brushing_teeth with sound of traffic in background
toilet_flush with sound of traffic in background
crow with sound of traffic in background
vacuum_cleaner with sound of traffic in background
pig with sound of traffic in background
pig with sound of traffic in background
church_bells with sound of traffic in background
church_bells with sound of traffic in background
chainsaw with sound of traffic in background
chainsaw with sound of traffic in background
cat with sound of traffic in background
cat with sound of traffic in background
church_bells with sound of traffic in background
church_bells with sound of traffic in background
clock_alarm with sound of traffic in background
toilet_flush with sound of traffic in background
coughing with sound of traffic in background
brushing_teeth with sound of traffic in background
brushing_teeth with sound of traffic in background
coughing with sound of traffic in background
frog with sound of traffic in background
coughing with sound of traffic in background
coughing with sound of traffic in background
laughing with sound of traffic in background
crow with sound of traffic in background
church_bells with sound of traffic in background
sneezing with sound of traffic in background
sneezing with sound of traffic in background
thunderstorm with sound of traffic in background
coughing with sound of traffic in background
sneezing with sound of traffic in background
chainsaw with sound of traffic in background
chainsaw with sound of traffic in background
keyboard_typing with sound of traffic in background
crow with sound of traffic in background
chirping_birds with sound of traffic in background
chirping_birds with sound of traffic in background
door_wood_creaks with sound of traffic in background
door_wood_creaks with sound of traffic in background
rain with sound of traffic in background
airplane with sound of traffic in background
airplane with sound of traffic in background
airplane with sound of traffic in background
airplane with sound of traffic in background
airplane with sound of traffic in background
airplane with sound of traffic in background
rain with sound of traffic in background
cat with sound of traffic in background
cat with sound of traffic in background
thunderstorm with sound of traffic in background
helicopter with sound of traffic in background
helicopter with sound of traffic in background
rain with sound of traffic in background
wind with sound of traffic in background
wind with sound of traffic in background
wind with sound of traffic in background
wind with sound of traffic in background
crickets with sound of traffic in background
rooster with sound of traffic in background
rooster with sound of traffic in background
rooster with sound of traffic in background
rooster with sound of traffic in background
rain with sound of traffic in background
laughing with sound of traffic in background
crackling_fire with sound of traffic in background
crackling_fire with sound of traffic in background
rooster with sound of traffic in background
train with sound of traffic in background
train with sound of traffic in background
train with sound of traffic in background
thunderstorm with sound of traffic in background
thunderstorm with sound of traffic in background
chainsaw with sound of traffic in background
chainsaw with sound of traffic in background
train with sound of traffic in background
train with sound of traffic in background
train with sound of traffic in background
rain with sound of traffic in background
sea_waves with sound of traffic in background
sea_waves with sound of traffic in background
sea_waves with sound of traffic in background
crying_baby with sound of traffic in background
crying_baby with sound of traffic in background
crying_baby with sound of traffic in background
keyboard_typing with sound of traffic in background
laughing with sound of traffic in background
sneezing with sound of traffic in background
water_drops with sound of traffic in background
train with sound of traffic in background
pouring_water with sound of traffic in background
chainsaw with sound of traffic in background
chainsaw with sound of traffic in background
clock_alarm with sound of traffic in background
coughing with sound of traffic in background
rooster with sound of traffic in background
crackling_fire with sound of traffic in background
crackling_fire with sound of traffic in background
crackling_fire with sound of traffic in background
coughing with sound of traffic in background
sneezing with sound of traffic in background
engine with sound of traffic in background
breathing with sound of traffic in background
crickets with sound of traffic in background
crickets with sound of traffic in background
keyboard_typing with sound of traffic in background
clock_alarm with sound of traffic in background
pouring_water with sound of traffic in background
brushing_teeth with sound of traffic in background
brushing_teeth with sound of traffic in background
brushing_teeth with sound of traffic in background
brushing_teeth with sound of traffic in background
vacuum_cleaner with sound of traffic in background
vacuum_cleaner with sound of traffic in background
vacuum_cleaner with sound of traffic in background
vacuum_cleaner with sound of traffic in background
vacuum_cleaner with sound of traffic in background
keyboard_typing with sound of traffic in background
crow with sound of traffic in background
crow with sound of traffic in background
water_drops with sound of traffic in background
cow with sound of traffic in background
cow with sound of traffic in background
helicopter with sound of traffic in background
helicopter with sound of traffic in background
helicopter with sound of traffic in background
can_opening with sound of traffic in background
car_horn with sound of traffic in background
car_horn with sound of traffic in background
car_horn with sound of traffic in background
car_horn with sound of traffic in background
clock_tick with sound of traffic in background
car_horn with sound of traffic in background
car_horn with sound of traffic in background
breathing with sound of traffic in background
keyboard_typing with sound of traffic in background
rain with sound of traffic in background
coughing with sound of traffic in background
car_horn with sound of traffic in background
train with sound of traffic in background
can_opening with sound of traffic in background
clock_tick with sound of traffic in background
snoring with sound of traffic in background
rain with sound of traffic in background
pouring_water with sound of traffic in background
clock_tick with sound of traffic in background
rain with sound of traffic in background
crickets with sound of traffic in background
crackling_fire with sound of traffic in background
laughing with sound of traffic in background
pouring_water with sound of traffic in background
keyboard_typing with sound of traffic in background
keyboard_typing with sound of traffic in background
clock_tick with sound of traffic in background
cow with sound of traffic in background
cow with sound of traffic in background
cow with sound of traffic in background
vacuum_cleaner with sound of traffic in background
door_wood_knock with sound of traffic in background
door_wood_knock with sound of traffic in background
door_wood_knock with sound of traffic in background
insects with sound of traffic in background
insects with sound of traffic in background
crackling_fire with sound of traffic in background
crackling_fire with sound of traffic in background
dog with sound of traffic in background
sea_waves with sound of traffic in background
sea_waves with sound of traffic in background
chirping_birds with sound of traffic in background
pouring_water with sound of traffic in background
rooster with sound of traffic in background
snoring with sound of traffic in background
snoring with sound of traffic in background
dog with sound of traffic in background
snoring with sound of traffic in background
snoring with sound of traffic in background
sneezing with sound of traffic in background
dog with sound of traffic in background
sneezing with sound of traffic in background
crying_baby with sound of traffic in background
crying_baby with sound of traffic in background
crying_baby with sound of traffic in background
keyboard_typing with sound of traffic in background
sneezing with sound of traffic in background
door_wood_knock with sound of traffic in background
pouring_water with sound of traffic in background
engine with sound of traffic in background
engine with sound of traffic in background
engine with sound of traffic in background
engine with sound of traffic in background
engine with sound of traffic in background
door_wood_knock with sound of traffic in background
can_opening with sound of traffic in background
pouring_water with sound of traffic in background
pouring_water with sound of traffic in background
chirping_birds with sound of traffic in background
chirping_birds with sound of traffic in background
can_opening with sound of traffic in background
clock_tick with sound of traffic in background
drinking_sipping with sound of traffic in background
drinking_sipping with sound of traffic in background
drinking_sipping with sound of traffic in background
crow with sound of traffic in background
water_drops with sound of traffic in background
water_drops with sound of traffic in background
drinking_sipping with sound of traffic in background
sheep with sound of traffic in background
sheep with sound of traffic in background
sheep with sound of traffic in background
sheep with sound of traffic in background
door_wood_knock with sound of traffic in background
clock_alarm with sound of traffic in background
clapping with sound of traffic in background
clapping with sound of traffic in background
clapping with sound of traffic in background
clapping with sound of traffic in background
clapping with sound of traffic in background
clapping with sound of traffic in background
clapping with sound of traffic in background
car_horn with sound of traffic in background
insects with sound of traffic in background
insects with sound of traffic in background
snoring with sound of traffic in background
clock_tick with sound of traffic in background
dog with sound of traffic in background
mouse_click with sound of traffic in background
dog with sound of traffic in background
helicopter with sound of traffic in background
helicopter with sound of traffic in background
crickets with sound of traffic in background
vacuum_cleaner with sound of traffic in background
clock_tick with sound of traffic in background
dog with sound of traffic in background
drinking_sipping with sound of traffic in background
footsteps with sound of traffic in background
footsteps with sound of traffic in background
mouse_click with sound of traffic in background
engine with sound of traffic in background
sea_waves with sound of traffic in background
sea_waves with sound of traffic in background
crickets with sound of traffic in background
crickets with sound of traffic in background
sheep with sound of traffic in background
sheep with sound of traffic in background
sheep with sound of traffic in background
hen with sound of traffic in background
snoring with sound of traffic in background
snoring with sound of traffic in background
water_drops with sound of traffic in background
breathing with sound of traffic in background
hand_saw with sound of traffic in background
hand_saw with sound of traffic in background
hand_saw with sound of traffic in background
clock_alarm with sound of traffic in background
footsteps with sound of traffic in background
footsteps with sound of traffic in background
clock_tick with sound of traffic in background
dog with sound of traffic in background
hen with sound of traffic in background
hen with sound of traffic in background
mouse_click with sound of traffic in background
mouse_click with sound of traffic in background
engine with sound of traffic in background
mouse_click with sound of traffic in background
crickets with sound of traffic in background
glass_breaking with sound of traffic in background
glass_breaking with sound of traffic in background
glass_breaking with sound of traffic in background
glass_breaking with sound of traffic in background
drinking_sipping with sound of traffic in background
mouse_click with sound of traffic in background
sea_waves with sound of traffic in background
mouse_click with sound of traffic in background
clock_alarm with sound of traffic in background
glass_breaking with sound of traffic in background
glass_breaking with sound of traffic in background
glass_breaking with sound of traffic in background
hen with sound of traffic in background
breathing with sound of traffic in background
breathing with sound of traffic in background
clapping with sound of traffic in background
breathing with sound of traffic in background
dog with sound of traffic in background
rooster with sound of traffic in background
clock_alarm with sound of traffic in background
clock_alarm with sound of traffic in background
breathing with sound of traffic in background
breathing with sound of traffic in background
mouse_click with sound of traffic in background
drinking_sipping with sound of traffic in background
door_wood_knock with sound of traffic in background
water_drops with sound of traffic in background
water_drops with sound of traffic in background
water_drops with sound of traffic in background
glass_breaking with sound of traffic in background
can_opening with sound of traffic in background
drinking_sipping with sound of traffic in background
cow with sound of traffic in background
cow with sound of traffic in background
cow with sound of traffic in background
can_opening with sound of traffic in background
chirping_birds with sound of traffic in background
can_opening with sound of traffic in background
washing_machine with sound of traffic in background
washing_machine with sound of traffic in background
washing_machine with sound of traffic in background
washing_machine with sound of traffic in background
washing_machine with sound of traffic in background
washing_machine with sound of traffic in background
washing_machine with sound of traffic in background
washing_machine with sound of traffic in background
footsteps with sound of traffic in background
footsteps with sound of traffic in background
chirping_birds with sound of traffic in background
chirping_birds with sound of traffic in background
hen with sound of traffic in background
pig with sound of traffic in background
hen with sound of traffic in background
hen with sound of traffic in background
sheep with sound of traffic in background
pig with sound of traffic in background
pig with sound of traffic in background
pig with sound of traffic in background
hand_saw with sound of traffic in background
hand_saw with sound of traffic in background
airplane with sound of traffic in background
hen with sound of traffic in background
airplane with sound of traffic in background
door_wood_knock with sound of traffic in background
can_opening with sound of traffic in background
crying_baby with sound of traffic in background
crying_baby with sound of traffic in background
siren with sound of traffic in background
siren with sound of traffic in background
siren with sound of traffic in background
siren with sound of traffic in background
frog with sound of traffic in background
frog with sound of traffic in background
frog with sound of traffic in background
frog with sound of traffic in background
frog with sound of traffic in background
frog with sound of traffic in background
pig with sound of traffic in background
pig with sound of traffic in background
pig with sound of traffic in background
pig with sound of traffic in background
pig with sound of traffic in background
pig with sound of traffic in background
siren with sound of traffic in background
siren with sound of traffic in background
siren with sound of traffic in background
pig with sound of traffic in background
wind with sound of traffic in background
pig with sound of traffic in background
siren with sound of traffic in background
siren with sound of traffic in background
washing_machine with sound of traffic in background
brushing_teeth with sound of traffic in background
siren with sound of traffic in background
crying_baby with sound of traffic in background
frog with sound of traffic in background
frog with sound of traffic in background
frog with sound of traffic in background
frog with sound of traffic in background
toilet_flush with sound of traffic in background
thunderstorm with sound of traffic in background
thunderstorm with sound of traffic in background
thunderstorm with sound of traffic in background
thunderstorm with sound of traffic in background
thunderstorm with sound of traffic in background
wind with sound of traffic in background
wind with sound of traffic in background
siren with sound of traffic in background
fireworks with sound of traffic in background
fireworks with sound of traffic in background
fireworks with sound of traffic in background
fireworks with sound of traffic in background
fireworks with sound of traffic in background
fireworks with sound of traffic in background
fireworks with sound of traffic in background
fireworks with sound of traffic in background
door_wood_creaks with sound of traffic in background
door_wood_creaks with sound of traffic in background
cat with sound of traffic in background
chainsaw with sound of traffic in background
chainsaw with sound of traffic in background
laughing with sound of traffic in background
chainsaw with sound of traffic in background
cat with sound of traffic in background
cat with sound of traffic in background
door_wood_creaks with sound of traffic in background
toilet_flush with sound of traffic in background
cat with sound of traffic in background
door_wood_creaks with sound of traffic in background
helicopter with sound of traffic in background
helicopter with sound of traffic in background
helicopter with sound of traffic in background
helicopter with sound of traffic in background
helicopter with sound of traffic in background
coughing with sound of traffic in background
church_bells with sound of traffic in background
wind with sound of traffic in background
wind with sound of traffic in background
car_horn with sound of traffic in background
car_horn with sound of traffic in background
car_horn with sound of traffic in background
car_horn with sound of traffic in background
car_horn with sound of traffic in background
car_horn with sound of traffic in background
car_horn with sound of traffic in background
car_horn with sound of traffic in background
brushing_teeth with sound of traffic in background
door_wood_creaks with sound of traffic in background
rain with sound of traffic in background
washing_machine with sound of traffic in background
vacuum_cleaner with sound of traffic in background
vacuum_cleaner with sound of traffic in background
vacuum_cleaner with sound of traffic in background
toilet_flush with sound of traffic in background
siren with sound of traffic in background
coughing with sound of traffic in background
brushing_teeth with sound of traffic in background
chainsaw with sound of traffic in background
chainsaw with sound of traffic in background
toilet_flush with sound of traffic in background
crackling_fire with sound of traffic in background
frog with sound of traffic in background
frog with sound of traffic in background
door_wood_creaks with sound of traffic in background
sneezing with sound of traffic in background
vacuum_cleaner with sound of traffic in background
thunderstorm with sound of traffic in background
door_wood_creaks with sound of traffic in background
rain with sound of traffic in background
church_bells with sound of traffic in background
train with sound of traffic in background
train with sound of traffic in background
crackling_fire with sound of traffic in background
crackling_fire with sound of traffic in background
frog with sound of traffic in background
helicopter with sound of traffic in background
door_wood_creaks with sound of traffic in background
thunderstorm with sound of traffic in background
rain with sound of traffic in background
crackling_fire with sound of traffic in background
crackling_fire with sound of traffic in background
sneezing with sound of traffic in background
rain with sound of traffic in background
cow with sound of traffic in background
cow with sound of traffic in background
cow with sound of traffic in background
cow with sound of traffic in background
rooster with sound of traffic in background
rooster with sound of traffic in background
insects with sound of traffic in background
insects with sound of traffic in background
insects with sound of traffic in background
thunderstorm with sound of traffic in background
rain with sound of traffic in background
train with sound of traffic in background
train with sound of traffic in background
train with sound of traffic in background
insects with sound of traffic in background
toilet_flush with sound of traffic in background
church_bells with sound of traffic in background
insects with sound of traffic in background
insects with sound of traffic in background
insects with sound of traffic in background
rain with sound of traffic in background
church_bells with sound of traffic in background
crying_baby with sound of traffic in background
crying_baby with sound of traffic in background
crying_baby with sound of traffic in background
crying_baby with sound of traffic in background
crying_baby with sound of traffic in background
crying_baby with sound of traffic in background
crying_baby with sound of traffic in background
train with sound of traffic in background
sheep with sound of traffic in background
sheep with sound of traffic in background
sheep with sound of traffic in background
sheep with sound of traffic in background
train with sound of traffic in background
train with sound of traffic in background
sheep with sound of traffic in background
sheep with sound of traffic in background
sheep with sound of traffic in background
rooster with sound of traffic in background
rooster with sound of traffic in background
rooster with sound of traffic in background
sea_waves with sound of traffic in background
sea_waves with sound of traffic in background
church_bells with sound of traffic in background
church_bells with sound of traffic in background
clock_tick with sound of traffic in background
sneezing with sound of traffic in background
toilet_flush with sound of traffic in background
toilet_flush with sound of traffic in background
sneezing with sound of traffic in background
toilet_flush with sound of traffic in background
cow with sound of traffic in background
rain with sound of traffic in background
dog with sound of traffic in background
dog with sound of traffic in background
rain with sound of traffic in background
drinking_sipping with sound of traffic in background
crickets with sound of traffic in background
crickets with sound of traffic in background
coughing with sound of traffic in background
church_bells with sound of traffic in background
keyboard_typing with sound of traffic in background
pouring_water with sound of traffic in background
pouring_water with sound of traffic in background
helicopter with sound of traffic in background
coughing with sound of traffic in background
pouring_water with sound of traffic in background
washing_machine with sound of traffic in background
washing_machine with sound of traffic in background
drinking_sipping with sound of traffic in background
drinking_sipping with sound of traffic in background
drinking_sipping with sound of traffic in background
drinking_sipping with sound of traffic in background
dog with sound of traffic in background
clock_tick with sound of traffic in background
coughing with sound of traffic in background
sea_waves with sound of traffic in background
sea_waves with sound of traffic in background
clock_tick with sound of traffic in background
coughing with sound of traffic in background
clock_tick with sound of traffic in background
clapping with sound of traffic in background
engine with sound of traffic in background
engine with sound of traffic in background
crickets with sound of traffic in background
clock_tick with sound of traffic in background
clock_alarm with sound of traffic in background
coughing with sound of traffic in background
clock_alarm with sound of traffic in background
brushing_teeth with sound of traffic in background
vacuum_cleaner with sound of traffic in background
vacuum_cleaner with sound of traffic in background
clock_tick with sound of traffic in background
dog with sound of traffic in background
pouring_water with sound of traffic in background
pouring_water with sound of traffic in background
pouring_water with sound of traffic in background
sea_waves with sound of traffic in background
breathing with sound of traffic in background
crackling_fire with sound of traffic in background
crow with sound of traffic in background
crow with sound of traffic in background
crow with sound of traffic in background
crow with sound of traffic in background
dog with sound of traffic in background
pouring_water with sound of traffic in background
cat with sound of traffic in background
cat with sound of traffic in background
crow with sound of traffic in background
keyboard_typing with sound of traffic in background
crickets with sound of traffic in background
crickets with sound of traffic in background
airplane with sound of traffic in background
airplane with sound of traffic in background
airplane with sound of traffic in background
pouring_water with sound of traffic in background
crackling_fire with sound of traffic in background
crackling_fire with sound of traffic in background
keyboard_typing with sound of traffic in background
crickets with sound of traffic in background
crickets with sound of traffic in background
crickets with sound of traffic in background
snoring with sound of traffic in background
chainsaw with sound of traffic in background
chainsaw with sound of traffic in background
dog with sound of traffic in background
wind with sound of traffic in background
wind with sound of traffic in background
wind with sound of traffic in background
brushing_teeth with sound of traffic in background
brushing_teeth with sound of traffic in background
clapping with sound of traffic in background
door_wood_knock with sound of traffic in background
door_wood_knock with sound of traffic in background
church_bells with sound of traffic in background
clock_alarm with sound of traffic in background
clock_alarm with sound of traffic in background
mouse_click with sound of traffic in background
clock_tick with sound of traffic in background
sea_waves with sound of traffic in background
sea_waves with sound of traffic in background
sea_waves with sound of traffic in background
sneezing with sound of traffic in background
sneezing with sound of traffic in background
brushing_teeth with sound of traffic in background
helicopter with sound of traffic in background
sneezing with sound of traffic in background
glass_breaking with sound of traffic in background
glass_breaking with sound of traffic in background
clapping with sound of traffic in background
clapping with sound of traffic in background
sneezing with sound of traffic in background
can_opening with sound of traffic in background
clapping with sound of traffic in background
crow with sound of traffic in background
chainsaw with sound of traffic in background
keyboard_typing with sound of traffic in background
